// Jest Snapshot v1, https://goo.gl/fbAQLP

exports[`testing Component snapshot latestNews 1`] = `
<div
  className="home-latest testapp"
/>
`;
