// Jest Snapshot v1, https://goo.gl/fbAQLP

exports[`ListView Snapshot ListView 1`] = `<div />`;
